// Jest Snapshot v1, https://goo.gl/fbAQLP

exports[`<Footer/> Footer Snapshot 1`] = `
<footer
  className="footer footer-dark"
>
  <a
    href="/"
  >
    Terminos de uso
  </a>
  <a
    href="/"
  >
    Declaracion de privacidad
  </a>
  <a
    href="/"
  >
    Centro de ayuda
  </a>
</footer>
`;
